8pZ_1NW7WJo
DB2io5Amlxo
fjJYTW2n6rk
GufMoL_MuNE
_jFBeLJsxJI
L9cdaj74kLo
l-ka23gU4NA
o0ooW14pIa4
QMW3GuohzzE
R9kJlLungmo
rbTIMt0VcLw
ScvvOWtb04Q
Uee0Tv1rTz8
WKXrnB7alT8
ZNOnRu7GeBc

[missing more]
GyyocMc_CbI